1 2 + 3
3 4 - -1
5 6 * 30
78 9 / 8
1011 12 % 3
1 1 & 1
1 0 & 0
1 0 | 1
0 0 | 0
1 !   0
0 !   1
2 1 < 0
1 2 < 1
1 1 < 0
2 1 > 1
1 2 > 0
1 1 > 0
1 1 = 1
1 0 = 0
2 1 <= 0
1 2 <= 1
1 1 <= 1
2 1 >= 1
1 2 >= 0
1 1 >= 1
1 0 <> 1
1 1 <> 0
